{
    "res": {
        "ns:index2.html": {
            "uri": "/index2.html",
            "type": "html",
            "extras": {
                "paths": {
                    "ns/modC": "ns:modC.js"
                }
            },
            "deps": [
                "ns:modC.js",
                "ns:index2-async-map.js"
            ]
        },
        "ns:modA.js": {
            "uri": "/modA_f1096a5.js",
            "type": "js"
        },
        "ns:modB.js": {
            "uri": "/modB_4049228.js",
            "type": "js"
        },
        "ns:modC.js": {
            "uri": "/modC_3450fd4.js",
            "type": "js",
            "extras": {
                "async": [
                    "ns:modA.js",
                    "ns:modB.js"
                ],
                "asyncPaths": {
                    "modA": "ns:modA.js",
                    "modB": "ns:modB.js"
                }
            },
            "pkg": "ns:p0"
        },
        "ns:index2-async-map.js": {
            "uri": "/index2-async-map_b26a868.js",
            "type": "js",
            "pkg": "ns:p0"
        }
    },
    "pkg": {
        "ns:p0": {
            "uri": "/pkg/index2-deps_51817b2.js",
            "type": "js",
            "has": [
                "ns:index2-async-map.js",
                "ns:modC.js"
            ]
        }
    }
}