{
    "res": {
        "module.js": {
            "uri": "/module.js",
            "type": "js"
        }
    },
    "pkg": {}
}