{
    "res": {
        "script.js": {
            "uri": "/script.js",
            "type": "js"
        }
    },
    "pkg": {}
}