{
    "res": {
        "ns:modA.js": {
            "uri": "/modA.js",
            "type": "js",
            "extras": {
                "moduleId": "ns:modA"
            }
        },
        "ns:modB.js": {
            "uri": "/modB.js",
            "type": "js",
            "extras": {
                "moduleId": "ns:modB"
            }
        },
        "ns:modC.js": {
            "uri": "/modC.js",
            "type": "js",
            "extras": {
                "paths": {
                    "ns:modA": "ns:modA.js",
                    "ns:modB": "ns:modB.js"
                },
                "moduleId": "ns:modC"
            },
            "deps": [
                "ns:modA.js",
                "ns:modB.js"
            ]
        },
        "ns:modD.js": {
            "uri": "/modD.js",
            "type": "js",
            "extras": {
                "async": [
                    "ns:modA.js",
                    "ns:modB.js"
                ],
                "paths": {
                    "ns:modA": "ns:modA.js",
                    "ns:modB": "ns:modB.js"
                },
                "moduleId": "ns:modD"
            }
        },
        "ns:modE.js": {
            "uri": "/modE.js",
            "type": "js",
            "extras": {
                "paths": {
                    "ns:modA": "ns:modA.js",
                    "ns:modB": "ns:modB.js"
                },
                "moduleId": "ns:modE"
            },
            "deps": [
                "ns:modA.js",
                "ns:modB.js"
            ]
        }
    },
    "pkg": {}
}