{
    "res": {
        "ns:index2.html": {
            "uri": "/index2.html",
            "type": "html",
            "extras": {
                "paths": {
                    "ns/modC": "ns:modC.js"
                }
            },
            "deps": [
                "ns:modC.js",
                "ns:index2-async-map.js"
            ]
        },
        "ns:modA.js": {
            "uri": "/modA.js",
            "type": "js"
        },
        "ns:modB.js": {
            "uri": "/modB.js",
            "type": "js"
        },
        "ns:modC.js": {
            "uri": "/modC.js",
            "type": "js",
            "extras": {
                "async": [
                    "ns:modA.js",
                    "ns:modB.js"
                ],
                "asyncPaths": {
                    "modA": "ns:modA.js",
                    "modB": "ns:modB.js"
                }
            },
            "pkg": "ns:p0"
        },
        "ns:index2-async-map.js": {
            "uri": "/index2-async-map.js",
            "type": "js",
            "pkg": "ns:p0"
        }
    },
    "pkg": {
        "ns:p0": {
            "uri": "/pkg/index2-deps.js",
            "type": "js",
            "has": [
                "ns:index2-async-map.js",
                "ns:modC.js"
            ]
        }
    }
}