<!DOCTYPE html>
<html lang="en">
<head>
    <meta charset="UTF-8">
    <title>Document</title>
</head>
<body>

<script type="text/javascript">
    require(['ns/modC'], function Router() {
        console.log('333');
    });
</script>
    
</body>
</html>