{
    "res": {
        "modA.js": {
            "uri": "/modA.js",
            "type": "js"
        },
        "modB.js": {
            "uri": "/modB.js",
            "type": "js"
        },
        "modC.js": {
            "uri": "/modC.js",
            "type": "js",
            "extras": {
                "paths": {
                    "/modA": "modA.js",
                    "/modB": "modB.js"
                }
            },
            "deps": [
                "modA.js",
                "modB.js"
            ]
        },
        "modD.js": {
            "uri": "/modD.js",
            "type": "js",
            "extras": {
                "paths": {
                    "/modA": "modA.js",
                    "/modB": "modB.js"
                }
            },
            "deps": [
                "modA.js",
                "modB.js"
            ]
        },
        "modE.js": {
            "uri": "/modE.js",
            "type": "js",
            "extras": {
                "paths": {
                    "/modA": "modA.js",
                    "/modB": "modB.js"
                }
            },
            "deps": [
                "modA.js",
                "modB.js"
            ]
        },
        "modF.js": {
            "uri": "/modF.js",
            "type": "js",
            "extras": {
                "paths": {
                    "/modA": "modA.js",
                    "/modB": "modB.js"
                }
            },
            "deps": [
                "modA.js",
                "modB.js"
            ]
        },
        "modG.js": {
            "uri": "/modG.js",
            "type": "js"
        }
    },
    "pkg": {}
}